// Jest Snapshot v1, https://goo.gl/fbAQLP

exports[`renders correctly 1`] = `
<RCTSafeAreaView
  emulateUnlessSupported={true}
>
  <View>
    <Text
      style={
        Object {
          "fontFamily": "GoogleSans-Regular",
        }
      }
    >
       Home Screen Page
    </Text>
    <View
      accessibilityRole="button"
      accessible={true}
      collapsable={false}
      focusable={true}
      nativeID="animatedComponent"
      onClick={[Function]}
      onResponderGrant={[Function]}
      onResponderMove={[Function]}
      onResponderRelease={[Function]}
      onResponderTerminate={[Function]}
      onResponderTerminationRequest={[Function]}
      onStartShouldSetResponder={[Function]}
      style={
        Object {
          "opacity": 1,
        }
      }
    >
      <View
        style={
          Array [
            Object {},
          ]
        }
      >
        <Text
          style={
            Array [
              Object {
                "color": "#007AFF",
                "fontSize": 18,
                "margin": 8,
                "textAlign": "center",
              },
            ]
          }
        >
          Press
        </Text>
      </View>
    </View>
    <Text
      style={
        Object {
          "fontFamily": "GoogleSans-Regular",
        }
      }
    >
      Another Text
    </Text>
  </View>
</RCTSafeAreaView>
`;
